[layerdrops.com/govity/main-html/index.html]
[backblue.gif]
[fade.gif]
[index.html]
[layerdrops.com/govity/main-html/assets/images/favicons/apple-touch-icon.png]
[layerdrops.com/govity/main-html/assets/images/favicons/favicon-32x32.png]
[layerdrops.com/govity/main-html/assets/images/favicons/favicon-16x16.png]
[layerdrops.com/govity/main-html/assets/images/favicons/site.webmanifest]
[layerdrops.com/govity/main-html/assets/vendors/bootstrap/css/bootstrap.min.css]
[layerdrops.com/govity/main-html/assets/vendors/animate/animate.min.css]
[layerdrops.com/govity/main-html/assets/vendors/animate/custom-animate.css]
[layerdrops.com/govity/main-html/assets/vendors/fontawesome/css/all.min.css]
[layerdrops.com/govity/main-html/assets/vendors/jarallax/jarallax.css]
[layerdrops.com/govity/main-html/assets/vendors/jquery-magnific-popup/jquery.magnific-popup.css]
[layerdrops.com/govity/main-html/assets/vendors/nouislider/nouislider.min.css]
[layerdrops.com/govity/main-html/assets/vendors/nouislider/nouislider.pips.css]
[layerdrops.com/govity/main-html/assets/vendors/odometer/odometer.min.css]
[layerdrops.com/govity/main-html/assets/vendors/swiper/swiper.min.css]
[layerdrops.com/govity/main-html/assets/vendors/govity-icons/style.css]
[layerdrops.com/govity/main-html/assets/vendors/tiny-slider/tiny-slider.min.css]
[layerdrops.com/govity/main-html/assets/vendors/reey-font/stylesheet.css]
[layerdrops.com/govity/main-html/assets/vendors/owl-carousel/owl.carousel.min.css]
[layerdrops.com/govity/main-html/assets/vendors/owl-carousel/owl.theme.default.min.css]
[layerdrops.com/govity/main-html/assets/vendors/bxslider/jquery.bxslider.css]
[layerdrops.com/govity/main-html/assets/vendors/bootstrap-select/css/bootstrap-select.min.css]
[layerdrops.com/govity/main-html/assets/vendors/vegas/vegas.min.css]
[layerdrops.com/govity/main-html/assets/vendors/jquery-ui/jquery-ui.css]
[layerdrops.com/govity/main-html/assets/vendors/timepicker/timePicker.css]
[layerdrops.com/govity/main-html/assets/vendors/nice-select/nice-select.css]
[layerdrops.com/govity/main-html/assets/css/govity.css]
[layerdrops.com/govity/main-html/assets/css/govity-responsive.css]
[layerdrops.com/govity/main-html/assets/images/resources/logo-1.png]
[layerdrops.com/govity/main-html/about.html]
[layerdrops.com/govity/main-html/contact.html]
[layerdrops.com/govity/main-html/assets/images/home-showcase/home-showcase-1-1.jpg]
[layerdrops.com/govity/main-html/index-one-page.html]
[layerdrops.com/govity/main-html/assets/images/home-showcase/home-showcase-1-2.jpg]
[layerdrops.com/govity/main-html/index2.html]
[layerdrops.com/govity/main-html/index2-one-page.html]
[layerdrops.com/govity/main-html/assets/images/home-showcase/home-showcase-1-3.jpg]
[layerdrops.com/govity/main-html/index3.html]
[layerdrops.com/govity/main-html/index3-one-page.html]
[layerdrops.com/govity/main-html/assets/images/home-showcase/home-showcase-1-4.jpg]
[layerdrops.com/govity/main-html/index-dark.html]
[layerdrops.com/govity/main-html/our-history.html]
[layerdrops.com/govity/main-html/team.html]
[layerdrops.com/govity/main-html/team-details.html]
[layerdrops.com/govity/main-html/portfolio.html]
[layerdrops.com/govity/main-html/portfolio-details.html]
[layerdrops.com/govity/main-html/events.html]
[layerdrops.com/govity/main-html/event-details.html]
[layerdrops.com/govity/main-html/pricing.html]
[layerdrops.com/govity/main-html/faq.html]
[layerdrops.com/govity/main-html/404.html]
[layerdrops.com/govity/main-html/our-services.html]
[layerdrops.com/govity/main-html/building-permission.html]
[layerdrops.com/govity/main-html/driving-license.html]
[layerdrops.com/govity/main-html/report-polution.html]
[layerdrops.com/govity/main-html/parking-permission.html]
[layerdrops.com/govity/main-html/tax-return.html]
[layerdrops.com/govity/main-html/birth-certificate.html]
[layerdrops.com/govity/main-html/departments.html]
[layerdrops.com/govity/main-html/department-details.html]
[layerdrops.com/govity/main-html/news.html]
[layerdrops.com/govity/main-html/news-sidebar.html]
[layerdrops.com/govity/main-html/news-details.html]
[layerdrops.com/govity/main-html/shop.html]
[layerdrops.com/govity/main-html/shop-details.html]
[layerdrops.com/govity/main-html/cart.html]
[layerdrops.com/govity/main-html/checkout.html]
[layerdrops.com/govity/main-html/assets/images/lang-flag/en.png]
[layerdrops.com/govity/main-html/assets/images/lang-flag/fr.png]
[layerdrops.com/govity/main-html/assets/images/lang-flag/it.png]
[layerdrops.com/govity/main-html/assets/images/backgrounds/slider-1-1.jpg]
[layerdrops.com/govity/main-html/assets/images/shapes/main-slider-shape-1.png]
[layerdrops.com/govity/main-html/assets/images/shapes/main-slider-shape-2.png]
[layerdrops.com/govity/main-html/assets/images/shapes/main-slider-shape-3.png]
[layerdrops.com/govity/main-html/assets/images/backgrounds/slider-1-2.jpg]
[layerdrops.com/govity/main-html/assets/images/backgrounds/slider-1-3.jpg]
[layerdrops.com/govity/main-html/assets/images/backgrounds/department-one-bg.png]
[layerdrops.com/govity/main-html/assets/images/shapes/about-one-shape-1.png]
[layerdrops.com/govity/main-html/assets/images/shapes/about-one-shape-3.png]
[layerdrops.com/govity/main-html/assets/images/resources/about-one-img-1.jpg]
[layerdrops.com/govity/main-html/assets/images/resources/about-one-img-2.jpg]
[layerdrops.com/govity/main-html/assets/images/shapes/about-one-shape-2.png]
[layerdrops.com/govity/main-html/assets/images/resources/about-one-signeture.png]
[layerdrops.com/govity/main-html/assets/images/resources/feature-1-1.jpg]
[layerdrops.com/govity/main-html/assets/images/resources/feature-1-2.jpg]
[layerdrops.com/govity/main-html/assets/images/resources/feature-1-3.jpg]
[layerdrops.com/govity/main-html/assets/images/shapes/services-one-shape-2.png]
[layerdrops.com/govity/main-html/assets/images/resources/services-one-img-1.png]
[layerdrops.com/govity/main-html/assets/images/shapes/services-one-shape-1.png]
[layerdrops.com/govity/main-html/assets/images/shapes/services-one-shape-3.png]
[layerdrops.com/govity/main-html/assets/images/backgrounds/video-one-bg.jpg]
[layerdrops.com/govity/main-html/assets/images/backgrounds/counter-one-bg.jpg]
[layerdrops.com/govity/main-html/assets/images/shapes/team-one-shape-1.png]
[layerdrops.com/govity/main-html/assets/images/team/team-1-1.jpg]
[layerdrops.com/govity/main-html/assets/images/shapes/team-one-shape-2.png]
[layerdrops.com/govity/main-html/assets/images/team/team-1-2.jpg]
[layerdrops.com/govity/main-html/assets/images/shapes/team-one-shape-3.png]
[layerdrops.com/govity/main-html/assets/images/team/team-1-3.jpg]
[layerdrops.com/govity/main-html/assets/images/backgrounds/testimonial-one-bg.jpg]
[layerdrops.com/govity/main-html/assets/images/shapes/testimonial-one-shape-1.png]
[layerdrops.com/govity/main-html/assets/images/shapes/testimonial-one-shape-2.png]
[layerdrops.com/govity/main-html/assets/images/testimonial/testimonial-1-1.jpg]
[layerdrops.com/govity/main-html/assets/images/testimonial/testimonial-1-2.jpg]
[layerdrops.com/govity/main-html/assets/images/testimonial/testimonial-1-3.jpg]
[layerdrops.com/govity/main-html/assets/images/testimonial/testimonial-1-4.jpg]
[layerdrops.com/govity/main-html/assets/images/project/portfolio-1-1.jpg]
[layerdrops.com/govity/main-html/assets/images/project/portfolio-1-2.jpg]
[layerdrops.com/govity/main-html/assets/images/project/portfolio-1-3.jpg]
[layerdrops.com/govity/main-html/assets/images/project/portfolio-1-4.jpg]
[layerdrops.com/govity/main-html/assets/images/project/portfolio-1-5.jpg]
[layerdrops.com/govity/main-html/assets/images/brand/brand-1-1.png]
[layerdrops.com/govity/main-html/assets/images/brand/brand-1-2.png]
[layerdrops.com/govity/main-html/assets/images/brand/brand-1-3.png]
[layerdrops.com/govity/main-html/assets/images/brand/brand-1-4.png]
[layerdrops.com/govity/main-html/assets/images/brand/brand-1-5.png]
[layerdrops.com/govity/main-html/assets/images/shapes/event-one-shape-1.jpg]
[layerdrops.com/govity/main-html/assets/images/events/event-1-1.jpg]
[layerdrops.com/govity/main-html/assets/images/events/event-1-2.jpg]
[layerdrops.com/govity/main-html/assets/images/backgrounds/event-one-subscribe-top-bg.jpg]
[layerdrops.com/govity/main-html/assets/images/backgrounds/event-one-subscribe-bottom-bg.png]
[layerdrops.com/govity/main-html/assets/images/blog/news-1-1.jpg]
[layerdrops.com/govity/main-html/assets/images/blog/news-one-user-img.jpg]
[layerdrops.com/govity/main-html/assets/images/blog/news-1-2.jpg]
[layerdrops.com/govity/main-html/assets/images/blog/news-1-3.jpg]
[layerdrops.com/govity/main-html/assets/images/resources/site-footer-img.jpg]
[layerdrops.com/govity/main-html/assets/images/resources/footer-logo.png]
[layerdrops.com/govity/main-html/assets/images/gallery/footer-widget-gallery-img-1.jpg]
[layerdrops.com/govity/main-html/assets/images/gallery/footer-widget-gallery-img-2.jpg]
[layerdrops.com/govity/main-html/assets/images/gallery/footer-widget-gallery-img-3.jpg]
[layerdrops.com/govity/main-html/assets/images/gallery/footer-widget-gallery-img-4.jpg]
[layerdrops.com/govity/main-html/assets/images/gallery/footer-widget-gallery-img-5.jpg]
[layerdrops.com/govity/main-html/assets/images/gallery/footer-widget-gallery-img-6.jpg]
[layerdrops.com/govity/main-html/assets/vendors/jquery/jquery-3.6.0.min.js]
[layerdrops.com/govity/main-html/assets/vendors/bootstrap/js/bootstrap.bundle.min.js]
[layerdrops.com/govity/main-html/assets/vendors/jarallax/jarallax.min.js]
[layerdrops.com/govity/main-html/assets/vendors/jquery-ajaxchimp/jquery.ajaxchimp.min.js]
[layerdrops.com/govity/main-html/assets/vendors/jquery-appear/jquery.appear.min.js]
[layerdrops.com/govity/main-html/assets/vendors/jquery-circle-progress/jquery.circle-progress.min.js]
[layerdrops.com/govity/main-html/assets/vendors/jquery-magnific-popup/jquery.magnific-popup.min.js]
[layerdrops.com/govity/main-html/assets/vendors/jquery-validate/jquery.validate.min.js]
[layerdrops.com/govity/main-html/assets/vendors/nouislider/nouislider.min.js]
[layerdrops.com/govity/main-html/assets/vendors/odometer/odometer.min.js]
[layerdrops.com/govity/main-html/assets/vendors/swiper/swiper.min.js]
[layerdrops.com/govity/main-html/assets/vendors/tiny-slider/tiny-slider.min.js]
[layerdrops.com/govity/main-html/assets/vendors/wnumb/wNumb.min.js]
[layerdrops.com/govity/main-html/assets/vendors/wow/wow.js]
[layerdrops.com/govity/main-html/assets/vendors/isotope/isotope.js]
[layerdrops.com/govity/main-html/assets/vendors/countdown/countdown.min.js]
[layerdrops.com/govity/main-html/assets/vendors/owl-carousel/owl.carousel.min.js]
[layerdrops.com/govity/main-html/assets/vendors/bxslider/jquery.bxslider.min.js]
[layerdrops.com/govity/main-html/assets/vendors/bootstrap-select/js/bootstrap-select.min.js]
[layerdrops.com/govity/main-html/assets/vendors/vegas/vegas.min.js]
[layerdrops.com/govity/main-html/assets/vendors/timepicker/timePicker.js]
[layerdrops.com/govity/main-html/assets/vendors/jquery-ui/jquery-ui.js]
[layerdrops.com/govity/main-html/assets/vendors/circleType/jquery.circleType.js]
[layerdrops.com/govity/main-html/assets/vendors/circleType/jquery.lettering.min.js]
[layerdrops.com/govity/main-html/assets/vendors/nice-select/jquery.nice-select.min.js]
[layerdrops.com/govity/main-html/index.html]
[layerdrops.com/govity/main-html/assets/vendors/bootstrap/css/bootstrap.min.css]
[layerdrops.com/govity/main-html/assets/vendors/animate/animate.min.css]
[layerdrops.com/govity/main-html/assets/vendors/animate/custom-animate.css]
[layerdrops.com/govity/main-html/assets/js/govity.js]
[layerdrops.com/govity/main-html/assets/vendors/fontawesome/webfonts/fa-brands-400.eot]
[layerdrops.com/govity/main-html/assets/vendors/fontawesome/webfonts/fa-brands-400d41d.eot]
[layerdrops.com/govity/main-html/assets/vendors/fontawesome/webfonts/fa-brands-400.woff2]
[layerdrops.com/govity/main-html/assets/vendors/fontawesome/webfonts/fa-brands-400.woff]
[layerdrops.com/govity/main-html/assets/vendors/fontawesome/webfonts/fa-brands-400.ttf]
[layerdrops.com/govity/main-html/assets/vendors/fontawesome/webfonts/fa-regular-400.eot]
[layerdrops.com/govity/main-html/assets/vendors/fontawesome/webfonts/fa-brands-400.svg]
[layerdrops.com/govity/main-html/assets/vendors/fontawesome/webfonts/fa-regular-400d41d.eot]
[layerdrops.com/govity/main-html/assets/vendors/fontawesome/webfonts/fa-regular-400.woff2]
[layerdrops.com/govity/main-html/assets/vendors/fontawesome/webfonts/fa-regular-400.woff]
[layerdrops.com/govity/main-html/assets/vendors/fontawesome/webfonts/fa-regular-400.ttf]
[layerdrops.com/govity/main-html/assets/vendors/fontawesome/webfonts/fa-solid-900.eot]
[layerdrops.com/govity/main-html/assets/vendors/fontawesome/webfonts/fa-regular-400.svg]
[layerdrops.com/govity/main-html/assets/vendors/fontawesome/webfonts/fa-solid-900d41d.eot]
[layerdrops.com/govity/main-html/assets/vendors/fontawesome/webfonts/fa-solid-900.woff2]
[layerdrops.com/govity/main-html/assets/vendors/fontawesome/webfonts/fa-solid-900.woff]
[layerdrops.com/govity/main-html/assets/vendors/fontawesome/webfonts/fa-solid-900.ttf]
[layerdrops.com/govity/main-html/assets/vendors/fontawesome/css/all.min.css]
[layerdrops.com/govity/main-html/assets/vendors/jarallax/jarallax.css]
[layerdrops.com/govity/main-html/assets/vendors/jquery-magnific-popup/jquery.magnific-popup.css]
[layerdrops.com/govity/main-html/assets/vendors/nouislider/nouislider.min.css]
[layerdrops.com/govity/main-html/assets/vendors/nouislider/nouislider.pips.css]
[layerdrops.com/govity/main-html/assets/vendors/odometer/odometer.min.css]
[layerdrops.com/govity/main-html/assets/vendors/swiper/swiper.min.css]
[layerdrops.com/govity/main-html/assets/vendors/govity-icons/fonts/icomoon3232.eot]
[layerdrops.com/govity/main-html/assets/vendors/govity-icons/fonts/icomoon3232.ttf]
[layerdrops.com/govity/main-html/assets/vendors/fontawesome/webfonts/fa-solid-900.svg]
[layerdrops.com/govity/main-html/assets/vendors/govity-icons/fonts/icomoon3232.woff]
[layerdrops.com/govity/main-html/assets/vendors/govity-icons/style.css]
[layerdrops.com/govity/main-html/assets/vendors/tiny-slider/tiny-slider.min.css]
[layerdrops.com/govity/main-html/assets/vendors/govity-icons/fonts/icomoon3232.svg]
[layerdrops.com/govity/main-html/assets/vendors/reey-font/reey-regular-webfont.woff2]
[layerdrops.com/govity/main-html/assets/vendors/reey-font/reey-regular-webfont.woff]
[layerdrops.com/govity/main-html/assets/vendors/reey-font/stylesheet.css]
[layerdrops.com/govity/main-html/assets/vendors/owl-carousel/owl.video.play.png]
[layerdrops.com/govity/main-html/assets/vendors/owl-carousel/owl.carousel.min.css]
[layerdrops.com/govity/main-html/assets/vendors/owl-carousel/owl.theme.default.min.css]
[layerdrops.com/govity/main-html/assets/vendors/images/icon/bx_loader.gif]
[layerdrops.com/govity/main-html/assets/vendors/img/bx-slider/controls.png]
[layerdrops.com/govity/main-html/assets/vendors/bxslider/jquery.bxslider.css]
[layerdrops.com/govity/main-html/assets/vendors/bootstrap-select/css/bootstrap-select.min.css]
[layerdrops.com/govity/main-html/assets/vendors/vegas/overlays/02.png]
[layerdrops.com/govity/main-html/assets/vendors/vegas/vegas.min.css]
[layerdrops.com/govity/main-html/assets/vendors/jquery-ui/images/ui-bg_highlight-soft_75_cccccc_1x100.png]
[layerdrops.com/govity/main-html/assets/vendors/jquery-ui/images/ui-bg_glass_75_e6e6e6_1x400.png]
[layerdrops.com/govity/main-html/assets/vendors/jquery-ui/images/ui-bg_glass_75_dadada_1x400.png]
[layerdrops.com/govity/main-html/assets/vendors/jquery-ui/images/ui-bg_glass_65_ffffff_1x400.png]
[layerdrops.com/govity/main-html/assets/vendors/jquery-ui/images/ui-bg_glass_55_fbf9ee_1x400.png]
[layerdrops.com/govity/main-html/assets/vendors/jquery-ui/images/ui-bg_glass_95_fef1ec_1x400.png]
[layerdrops.com/govity/main-html/assets/vendors/jquery-ui/images/ui-icons_222222_256x240.png]
[layerdrops.com/govity/main-html/assets/vendors/jquery-ui/images/ui-icons_888888_256x240.png]
[layerdrops.com/govity/main-html/assets/vendors/jquery-ui/images/ui-icons_454545_256x240.png]
[layerdrops.com/govity/main-html/assets/vendors/jquery-ui/images/ui-icons_2e83ff_256x240.png]
[layerdrops.com/govity/main-html/assets/vendors/jquery-ui/images/ui-icons_cd0a0a_256x240.png]
[layerdrops.com/govity/main-html/assets/vendors/jquery-ui/jquery-ui.css]
[layerdrops.com/govity/main-html/assets/vendors/timepicker/images/ui-icons_444444_256x240.png]
[layerdrops.com/govity/main-html/assets/vendors/timepicker/timePicker.css]
[layerdrops.com/govity/main-html/assets/vendors/nice-select/nice-select.css]
[layerdrops.com/govity/main-html/assets/images/loader.png]
[layerdrops.com/govity/main-html/assets/css/govity.css]
[layerdrops.com/govity/main-html/assets/css/govity-responsive.css]
[layerdrops.com/govity/main-html/assets/images/backgrounds/page-header-bg.jpg]
[layerdrops.com/govity/main-html/assets/images/shapes/about-four-shape-1.png]
[layerdrops.com/govity/main-html/assets/images/resources/about-four-img-1.jpg]
[layerdrops.com/govity/main-html/assets/images/resources/about-four-img-2.jpg]
[layerdrops.com/govity/main-html/assets/images/shapes/reawards-one-shape-1.png]
[layerdrops.com/govity/main-html/assets/images/resources/reawards-1-1.jpg]
[layerdrops.com/govity/main-html/assets/images/resources/reawards-1-2.jpg]
[layerdrops.com/govity/main-html/assets/images/resources/reawards-1-3.jpg]
[layerdrops.com/govity/main-html/assets/images/resources/reawards-1-4.jpg]
[layerdrops.com/govity/main-html/assets/images/backgrounds/testimonial-three-bg.png]
[layerdrops.com/govity/main-html/assets/images/shapes/testimonial-three-shape-1.png]
[layerdrops.com/govity/main-html/assets/images/shapes/testimonial-three-shape-2.png]
[layerdrops.com/govity/main-html/assets/images/testimonial/testimonial-3-1.jpg]
[layerdrops.com/govity/main-html/assets/images/testimonial/testimonial-3-2.jpg]
[layerdrops.com/govity/main-html/assets/images/testimonial/testimonial-3-3.jpg]
[layerdrops.com/govity/main-html/assets/images/testimonial/testimonial-3-4.jpg]
[layerdrops.com/govity/main-html/assets/images/backgrounds/counter-two-bg.jpg]
[layerdrops.com/govity/main-html/about.html]
[layerdrops.com/govity/main-html/assets/images/resources/contact-page-img-1.jpg]
[layerdrops.com/govity/main-html/assets/images/shapes/contact-page-shape-1.png]
[layerdrops.com/govity/main-html/assets/images/backgrounds/contact-one-bg.png]
[layerdrops.com/govity/main-html/contact.html]
[layerdrops.com/govity/main-html/assets/images/shapes/event-one-shape-1.png]
[layerdrops.com/govity/main-html/index-one-page.html]
[layerdrops.com/govity/main-html/assets/images/resources/logo-2.png]
[layerdrops.com/govity/main-html/assets/images/backgrounds/slider-2-1.jpg]
[layerdrops.com/govity/main-html/assets/images/shapes/main-slider-two-shadow.png]
[layerdrops.com/govity/main-html/assets/images/shapes/main-slider-two-sing.png]
[layerdrops.com/govity/main-html/assets/images/resources/main-slider-two-img-1.png]
[layerdrops.com/govity/main-html/assets/images/shapes/main-slider-two-shape-1.png]
[layerdrops.com/govity/main-html/assets/images/resources/about-two-img-1.jpg]
[layerdrops.com/govity/main-html/assets/images/resources/about-two-img-2.jpg]
[layerdrops.com/govity/main-html/assets/images/shapes/about-two-shape-1.png]
[layerdrops.com/govity/main-html/assets/images/shapes/feature-three-shape-1.png]
[layerdrops.com/govity/main-html/assets/images/resources/feature-three-img-1.jpg]
[layerdrops.com/govity/main-html/assets/images/resources/feature-three-img-2.jpg]
[layerdrops.com/govity/main-html/assets/images/shapes/services-two-shape-1.png]
[layerdrops.com/govity/main-html/assets/images/shapes/portfolio-two-shape-1.png]
[layerdrops.com/govity/main-html/assets/images/project/portfolio-m-1.png]
[layerdrops.com/govity/main-html/assets/images/project/portfolio-m-2.png]
[layerdrops.com/govity/main-html/assets/images/project/portfolio-m-3.png]
[layerdrops.com/govity/main-html/assets/images/project/portfolio-m-4.png]
[layerdrops.com/govity/main-html/assets/images/project/portfolio-m-5.png]
[layerdrops.com/govity/main-html/assets/images/backgrounds/department-two-bg-1.png]
[layerdrops.com/govity/main-html/assets/images/backgrounds/department-two-bg-2.png]
[layerdrops.com/govity/main-html/assets/images/resources/department-2-1.jpg]
[layerdrops.com/govity/main-html/assets/images/resources/department-2-2.jpg]
[layerdrops.com/govity/main-html/assets/images/resources/department-2-3.jpg]
[layerdrops.com/govity/main-html/assets/images/resources/department-2-4.jpg]
[layerdrops.com/govity/main-html/assets/images/events/event-two-img.png]
[layerdrops.com/govity/main-html/assets/images/events/event-two-img-1.jpg]
[layerdrops.com/govity/main-html/assets/images/events/event-two-img-2.jpg]
[layerdrops.com/govity/main-html/assets/images/backgrounds/testimonial-two-bg.jpg]
[layerdrops.com/govity/main-html/assets/images/testimonial/testimonial-2-1.jpg]
[layerdrops.com/govity/main-html/assets/images/testimonial/testimonial-2-2.jpg]
[layerdrops.com/govity/main-html/assets/images/testimonial/testimonial-2-3.jpg]
[layerdrops.com/govity/main-html/assets/images/blog/news-2-1.jpg]
[layerdrops.com/govity/main-html/assets/images/blog/news-two-user-img.jpg]
[layerdrops.com/govity/main-html/assets/images/blog/news-2-2.jpg]
[layerdrops.com/govity/main-html/assets/images/backgrounds/social-one-bg.jpg]
[layerdrops.com/govity/main-html/index2.html]
[layerdrops.com/govity/main-html/index2-one-page.html]
[layerdrops.com/govity/main-html/assets/images/backgrounds/slider-3-1.jpg]
[layerdrops.com/govity/main-html/assets/images/backgrounds/slider-3-2.jpg]
[layerdrops.com/govity/main-html/assets/images/backgrounds/slider-3-3.jpg]
[layerdrops.com/govity/main-html/assets/images/icon/update-one-city-update-icon.png]
[layerdrops.com/govity/main-html/assets/images/resources/feature-4-1.jpg]
[layerdrops.com/govity/main-html/assets/images/resources/feature-4-2.jpg]
[layerdrops.com/govity/main-html/assets/images/resources/feature-4-3.jpg]
[layerdrops.com/govity/main-html/assets/images/shapes/about-three-shape-5.png]
[layerdrops.com/govity/main-html/assets/images/resources/about-three-img-1.jpg]
[layerdrops.com/govity/main-html/assets/images/shapes/about-three-shape-1.png]
[layerdrops.com/govity/main-html/assets/images/shapes/about-three-shape-2.png]
[layerdrops.com/govity/main-html/assets/images/shapes/about-three-shape-3.png]
[layerdrops.com/govity/main-html/assets/images/shapes/about-three-shape-4.png]
[layerdrops.com/govity/main-html/assets/images/backgrounds/department-three-bg-top.png]
[layerdrops.com/govity/main-html/assets/images/backgrounds/department-three-bg.png]
[layerdrops.com/govity/main-html/assets/images/events/event-3-1.jpg]
[layerdrops.com/govity/main-html/assets/images/events/event-3-2.jpg]
[layerdrops.com/govity/main-html/assets/images/events/event-3-3.jpg]
[layerdrops.com/govity/main-html/assets/images/project/portfolio-3-1.jpg]
[layerdrops.com/govity/main-html/assets/images/project/portfolio-3-2.jpg]
[layerdrops.com/govity/main-html/assets/images/project/portfolio-3-3.jpg]
[layerdrops.com/govity/main-html/assets/images/project/portfolio-3-4.jpg]
[layerdrops.com/govity/main-html/assets/images/backgrounds/great-place-bg.png]
[layerdrops.com/govity/main-html/assets/images/resources/great-place-img.jpg]
[layerdrops.com/govity/main-html/assets/images/shapes/great-place-shape-1.png]
[layerdrops.com/govity/main-html/assets/images/shapes/great-place-shape-2.png]
[layerdrops.com/govity/main-html/assets/images/backgrounds/documents-two-bg.jpg]
[layerdrops.com/govity/main-html/assets/images/shapes/history-one-shape-1.png]
[layerdrops.com/govity/main-html/assets/images/resources/history-one-content-img-1-1.jpg]
[layerdrops.com/govity/main-html/assets/images/blog/news-2-3.jpg]
[layerdrops.com/govity/main-html/index3.html]
[layerdrops.com/govity/main-html/index3-one-page.html]
[layerdrops.com/govity/main-html/assets/css/govity-dark.css]
[layerdrops.com/govity/main-html/assets/images/shapes/about-one-shape-1-dark.png]
[layerdrops.com/govity/main-html/assets/images/shapes/about-one-shape-3-dark.png]
[layerdrops.com/govity/main-html/assets/images/resources/about-one-signeture-dark.png]
[layerdrops.com/govity/main-html/assets/images/shapes/services-one-shape-2-dark.png]
[layerdrops.com/govity/main-html/assets/images/resources/services-one-img-1-dark.png]
[layerdrops.com/govity/main-html/assets/images/shapes/services-one-shape-1-dark.png]
[layerdrops.com/govity/main-html/assets/images/shapes/services-one-shape-3-dark.png]
[layerdrops.com/govity/main-html/assets/images/shapes/team-one-shape-1-dark.png]
[layerdrops.com/govity/main-html/assets/images/shapes/team-one-shape-2-dark.png]
[layerdrops.com/govity/main-html/assets/images/shapes/team-one-shape-3-dark.png]
[layerdrops.com/govity/main-html/assets/images/backgrounds/testimonial-one-bg-dark.jpg]
[layerdrops.com/govity/main-html/assets/images/brand/brand-1-1-dark.png]
[layerdrops.com/govity/main-html/assets/images/brand/brand-1-2-dark.png]
[layerdrops.com/govity/main-html/assets/images/brand/brand-1-3-dark.png]
[layerdrops.com/govity/main-html/assets/images/brand/brand-1-4-dark.png]
[layerdrops.com/govity/main-html/assets/images/brand/brand-1-5-dark.png]
[layerdrops.com/govity/main-html/index-dark.html]
[layerdrops.com/govity/main-html/assets/images/resources/our-history-img-1-1.jpg]
[layerdrops.com/govity/main-html/assets/images/resources/our-history-img-1-2.jpg]
[layerdrops.com/govity/main-html/assets/images/resources/our-history-img-1-3.jpg]
[layerdrops.com/govity/main-html/assets/images/resources/our-history-img-1-4.jpg]
[layerdrops.com/govity/main-html/assets/images/resources/our-history-img-1-5.jpg]
[layerdrops.com/govity/main-html/assets/images/resources/our-history-img-1-6.jpg]
[layerdrops.com/govity/main-html/our-history.html]
[layerdrops.com/govity/main-html/assets/images/shapes/team-one-shape-4.png]
[layerdrops.com/govity/main-html/assets/images/team/team-1-4.jpg]
[layerdrops.com/govity/main-html/assets/images/shapes/team-one-shape-5.png]
[layerdrops.com/govity/main-html/assets/images/team/team-1-5.jpg]
[layerdrops.com/govity/main-html/assets/images/shapes/team-one-shape-6.png]
[layerdrops.com/govity/main-html/assets/images/team/team-1-6.jpg]
[layerdrops.com/govity/main-html/team.html]
[layerdrops.com/govity/main-html/assets/images/team/team-details-img-1.jpg]
[layerdrops.com/govity/main-html/assets/images/shapes/team-details-shape-1.png]
[layerdrops.com/govity/main-html/assets/images/backgrounds/contact-two-bg.png]
[layerdrops.com/govity/main-html/team-details.html]
[layerdrops.com/govity/main-html/assets/images/project/portfolio-page-1-1.jpg]
[layerdrops.com/govity/main-html/assets/images/project/portfolio-page-1-2.jpg]
[layerdrops.com/govity/main-html/assets/images/project/portfolio-page-1-3.jpg]
[layerdrops.com/govity/main-html/assets/images/project/portfolio-page-1-4.jpg]
[layerdrops.com/govity/main-html/assets/images/project/portfolio-page-1-5.jpg]
[layerdrops.com/govity/main-html/assets/images/project/portfolio-page-1-6.jpg]
[layerdrops.com/govity/main-html/assets/images/project/portfolio-page-1-7.jpg]
[layerdrops.com/govity/main-html/assets/images/project/portfolio-page-1-8.jpg]
[layerdrops.com/govity/main-html/assets/images/project/portfolio-page-1-9.jpg]
[layerdrops.com/govity/main-html/portfolio.html]
[layerdrops.com/govity/main-html/assets/images/project/portfolio-details-img-1.jpg]
[layerdrops.com/govity/main-html/assets/images/project/similar-portfolio-1-1.jpg]
[layerdrops.com/govity/main-html/assets/images/project/similar-portfolio-1-2.jpg]
[layerdrops.com/govity/main-html/assets/images/project/similar-portfolio-1-3.jpg]
[layerdrops.com/govity/main-html/portfolio-details.html]
[layerdrops.com/govity/main-html/assets/images/events/event-3-4.jpg]
[layerdrops.com/govity/main-html/assets/images/events/event-3-5.jpg]
[layerdrops.com/govity/main-html/assets/images/events/event-3-6.jpg]
[layerdrops.com/govity/main-html/events.html]
[layerdrops.com/govity/main-html/assets/images/shapes/event-details-shape-1.png]
[layerdrops.com/govity/main-html/assets/images/shapes/event-details-shape-2.png]
[layerdrops.com/govity/main-html/assets/images/resources/event-details-img.jpg]
[layerdrops.com/govity/main-html/event-details.html]
[layerdrops.com/govity/main-html/assets/images/shapes/pricing-page-shape-1.png]
[layerdrops.com/govity/main-html/pricing.html]
[layerdrops.com/govity/main-html/assets/images/resources/search-box-img.png]
[layerdrops.com/govity/main-html/faq.html]
[layerdrops.com/govity/main-html/assets/images/backgrounds/error-page-bg.png]
[layerdrops.com/govity/main-html/assets/images/shapes/error-page-title-shape-1.png]
[layerdrops.com/govity/main-html/404.html]
[layerdrops.com/govity/main-html/assets/images/shapes/offering-one-shape-1.png]
[layerdrops.com/govity/main-html/assets/images/resources/offering-one-img-1.jpg]
[layerdrops.com/govity/main-html/assets/images/resources/offering-one-img-2.jpg]
[layerdrops.com/govity/main-html/assets/images/resources/brand-three-img-1.png]
[layerdrops.com/govity/main-html/assets/images/backgrounds/cta-one-bg.png]
[layerdrops.com/govity/main-html/our-services.html]
[layerdrops.com/govity/main-html/assets/images/backgrounds/service-details-need-help-bg.jpg]
[layerdrops.com/govity/main-html/assets/images/services/service-details-img-2.jpg]
[layerdrops.com/govity/main-html/assets/images/services/service-details-benefit-img.jpg]
[layerdrops.com/govity/main-html/building-permission.html]
[layerdrops.com/govity/main-html/assets/images/services/service-details-img-1.jpg]
[layerdrops.com/govity/main-html/driving-license.html]
[layerdrops.com/govity/main-html/assets/images/services/service-details-img-3.jpg]
[layerdrops.com/govity/main-html/report-polution.html]
[layerdrops.com/govity/main-html/assets/images/services/service-details-img-4.jpg]
[layerdrops.com/govity/main-html/parking-permission.html]
[layerdrops.com/govity/main-html/assets/images/services/service-details-img-5.jpg]
[layerdrops.com/govity/main-html/tax-return.html]
[layerdrops.com/govity/main-html/assets/images/services/service-details-img-6.jpg]
[layerdrops.com/govity/main-html/birth-certificate.html]
[layerdrops.com/govity/main-html/assets/images/resources/department-2-5.jpg]
[layerdrops.com/govity/main-html/assets/images/resources/department-2-6.jpg]
[layerdrops.com/govity/main-html/assets/images/resources/department-2-7.jpg]
[layerdrops.com/govity/main-html/assets/images/resources/department-2-8.jpg]
[layerdrops.com/govity/main-html/assets/images/resources/why-choose-one-img-1.jpg]
[layerdrops.com/govity/main-html/assets/images/shapes/why-choose-one-shape-1.png]
[layerdrops.com/govity/main-html/departments.html]
[layerdrops.com/govity/main-html/assets/images/resources/department-details-img-1.jpg]
[layerdrops.com/govity/main-html/assets/images/backgrounds/department-details-great-place-bg.jpg]
[layerdrops.com/govity/main-html/department-details.html]
[layerdrops.com/govity/main-html/assets/images/blog/news-1-4.jpg]
[layerdrops.com/govity/main-html/assets/images/blog/news-1-5.jpg]
[layerdrops.com/govity/main-html/assets/images/blog/news-1-6.jpg]
[layerdrops.com/govity/main-html/news.html]
[layerdrops.com/govity/main-html/assets/images/blog/news-sidebar-img-1.jpg]
[layerdrops.com/govity/main-html/assets/images/blog/news-sidebar-img-2.jpg]
[layerdrops.com/govity/main-html/assets/images/blog/news-sidebar-img-3.jpg]
[layerdrops.com/govity/main-html/assets/images/icon/news-sidebar-bottom-box-icon.png]
[layerdrops.com/govity/main-html/assets/images/icon/news-sidebar-government-services-icon.png]
[layerdrops.com/govity/main-html/assets/images/blog/lp-1-1.jpg]
[layerdrops.com/govity/main-html/assets/images/blog/lp-1-2.jpg]
[layerdrops.com/govity/main-html/assets/images/blog/lp-1-3.jpg]
[layerdrops.com/govity/main-html/news-sidebar.html]
[layerdrops.com/govity/main-html/assets/images/blog/news-details-img-1.jpg]
[layerdrops.com/govity/main-html/assets/images/blog/comment-1-1.jpg]
[layerdrops.com/govity/main-html/assets/images/blog/comment-1-2.jpg]
[layerdrops.com/govity/main-html/news-details.html]
[layerdrops.com/govity/main-html/assets/images/shop/shop-product-1-1.jpg]
[layerdrops.com/govity/main-html/assets/images/shop/shop-product-1-2.jpg]
[layerdrops.com/govity/main-html/assets/images/shop/shop-product-1-3.jpg]
[layerdrops.com/govity/main-html/assets/images/shop/shop-product-1-4.jpg]
[layerdrops.com/govity/main-html/assets/images/shop/shop-product-1-5.jpg]
[layerdrops.com/govity/main-html/assets/images/shop/shop-product-1-6.jpg]
[layerdrops.com/govity/main-html/assets/images/shop/shop-product-1-7.jpg]
[layerdrops.com/govity/main-html/assets/images/shop/shop-product-1-8.jpg]
[layerdrops.com/govity/main-html/assets/images/shop/shop-product-1-9.jpg]
[layerdrops.com/govity/main-html/shop.html]
[layerdrops.com/govity/main-html/assets/images/shop/product-details-img-1.jpg]
[layerdrops.com/govity/main-html/wishlist.html]
[layerdrops.com/govity/main-html/assets/images/shop/review-1-1.jpg]
[layerdrops.com/govity/main-html/assets/images/shop/review-1-2.jpg]
[layerdrops.com/govity/main-html/shop-details.html]
[layerdrops.com/govity/main-html/assets/images/shop/cart-page-img-1.jpg]
[layerdrops.com/govity/main-html/product-details.html]
[layerdrops.com/govity/main-html/assets/images/shop/cart-page-img-2.jpg]
[layerdrops.com/govity/main-html/cart.html]
[layerdrops.com/govity/main-html/assets/images/shop/paypal-1.jpg]
[layerdrops.com/govity/main-html/checkout.html]
[layerdrops.com/govity/main-html/assets/vendors/fontawesome/webfonts/fa-brands-400.svg]
[layerdrops.com/govity/main-html/assets/vendors/fontawesome/webfonts/fa-regular-400.svg]
[layerdrops.com/govity/main-html/assets/vendors/fontawesome/webfonts/fa-solid-900.svg]
[layerdrops.com/govity/main-html/assets/vendors/govity-icons/fonts/icomoon3232.svg]
[layerdrops.com/govity/main-html/assets/vendors/owl-carousel/owl.video.play.html]
[layerdrops.com/govity/main-html/assets/vendors/images/icon/bx_loader.html]
[layerdrops.com/govity/main-html/assets/vendors/img/bx-slider/controls.html]
[layerdrops.com/govity/main-html/assets/vendors/vegas/overlays/02.html]
[layerdrops.com/govity/main-html/assets/vendors/timepicker/images/ui-icons_444444_256x240.html]
[layerdrops.com/govity/main-html/assets/css/govity-dark.css]
[layerdrops.com/govity/main-html/wishlist.html]
[layerdrops.com/govity/main-html/product-details.html]
